// Jest Snapshot v1, https://goo.gl/fbAQLP

exports[`App Component should render App Component correctly 1`] = `
<div
  className="page"
>
  <div
    className="interactions"
  >
    <form
      onSubmit={[Function]}
    >
      <input
        onChange={[Function]}
        type="text"
        value="redux"
      />
      <button
        type="submit"
      >
         
        Search
         
      </button>
    </form>
    <div>
      <div
        className="list"
      />
      <div
        className="interactions"
      >
        <div>
          <img
            alt="page loading"
            src="post-loader.gif"
          />
        </div>
      </div>
    </div>
  </div>
</div>
`;
