// Jest Snapshot v1, https://goo.gl/fbAQLP

exports[`Button Component should render Button correctly 1`] = `
<button
  className=""
  type="button"
>
   Awesome Button 
</button>
`;
